1..6
ok 1 - (***REPLACED TIME***) # SKIP don't need this test
not ok 2 - (***REPLACED TIME***) # SKIP don't need this test
ok 3 - (***REPLACED TIME***) # TODO will this ever be done?
not ok 4 - (***REPLACED TIME***) # TODO will this ever be done?
# :UNSUPPORED cmds do not work
# :FAKE cmds do not work
# : empty commands do not work
# SKIP is just a word
# TODO is just a word
# Bail out! is just a word
# word is just a word
# :UNSUPPORED cmds do not work
# :FAKE cmds do not work
# : empty commands do not work
# SKIP is just a word
# TODO is just a word
# Bail out! is just a word
# word is just a word
ok 5 - (***REPLACED TIME***) # SKIP don't need this test
# :UNSUPPORED cmds do not work
# :FAKE cmds do not work
# : empty commands do not work
# SKIP is just a word
# TODO is just a word
# Bail out! is just a word
# word is just a word
# :UNSUPPORED cmds do not work
# :FAKE cmds do not work
# : empty commands do not work
# SKIP is just a word
# TODO is just a word
# Bail out! is just a word
# word is just a word
ok 6 - (***REPLACED TIME***) # TODO will this ever be done?

1..3
ok 1 - (***REPLACED TIME***)
Bail out! Jump ship

1..3
ok 1 - (***REPLACED TIME***)
Bail out! Jump ship

1..3
ok 1 - (***REPLACED TIME***)
# :UNSUPPORED cmds do not work
# :FAKE cmds do not work
# : empty commands do not work
# SKIP is just a word
# TODO is just a word
# Bail out! is just a word
# word is just a word
# :UNSUPPORED cmds do not work
# :FAKE cmds do not work
# : empty commands do not work
# SKIP is just a word
# TODO is just a word
# Bail out! is just a word
# word is just a word
Bail out! Jump ship
