1..100
ok 1 - (***REPLACED TIME***)
ok 2 - (***REPLACED TIME***)
not ok 3 - (***REPLACED TIME***)
ok 4 - (***REPLACED TIME***)
ok 5 - (***REPLACED TIME***)
not ok 6 - (***REPLACED TIME***)
ok 7 - (***REPLACED TIME***)
ok 8 - (***REPLACED TIME***)
not ok 9 - (***REPLACED TIME***)
ok 10 - (***REPLACED TIME***)
not ok 11 - (***REPLACED TIME***)
not ok 12 - (***REPLACED TIME***)
ok 13 - (***REPLACED TIME***)
ok 14 - (***REPLACED TIME***)
not ok 15 - (***REPLACED TIME***)
ok 16 - (***REPLACED TIME***)
ok 17 - (***REPLACED TIME***)
not ok 18 - (***REPLACED TIME***)
ok 19 - (***REPLACED TIME***)
ok 20 - (***REPLACED TIME***)
ok 21 - (***REPLACED TIME***)
not ok 22 - (***REPLACED TIME***)
ok 23 - (***REPLACED TIME***)
ok 24 - (***REPLACED TIME***)
ok 25 - (***REPLACED TIME***)
ok 26 - (***REPLACED TIME***)
ok 27 - (***REPLACED TIME***)
ok 28 - (***REPLACED TIME***)
ok 29 - (***REPLACED TIME***)
ok 30 - (***REPLACED TIME***)
ok 31 - (***REPLACED TIME***)
ok 32 - (***REPLACED TIME***)
not ok 33 - (***REPLACED TIME***)
ok 34 - (***REPLACED TIME***)
ok 35 - (***REPLACED TIME***)
ok 36 - (***REPLACED TIME***)
ok 37 - (***REPLACED TIME***)
ok 38 - (***REPLACED TIME***)
ok 39 - (***REPLACED TIME***)
ok 40 - (***REPLACED TIME***)
ok 41 - (***REPLACED TIME***)
ok 42 - (***REPLACED TIME***)
ok 43 - (***REPLACED TIME***)
not ok 44 - (***REPLACED TIME***)
ok 45 - (***REPLACED TIME***)
ok 46 - (***REPLACED TIME***)
ok 47 - (***REPLACED TIME***)
ok 48 - (***REPLACED TIME***)
ok 49 - (***REPLACED TIME***)
ok 50 - (***REPLACED TIME***)
ok 51 - (***REPLACED TIME***)
ok 52 - (***REPLACED TIME***)
ok 53 - (***REPLACED TIME***)
ok 54 - (***REPLACED TIME***)
not ok 55 - (***REPLACED TIME***)
ok 56 - (***REPLACED TIME***)
ok 57 - (***REPLACED TIME***)
ok 58 - (***REPLACED TIME***)
ok 59 - (***REPLACED TIME***)
ok 60 - (***REPLACED TIME***)
ok 61 - (***REPLACED TIME***)
ok 62 - (***REPLACED TIME***)
ok 63 - (***REPLACED TIME***)
ok 64 - (***REPLACED TIME***)
ok 65 - (***REPLACED TIME***)
not ok 66 - (***REPLACED TIME***)
ok 67 - (***REPLACED TIME***)
ok 68 - (***REPLACED TIME***)
ok 69 - (***REPLACED TIME***)
ok 70 - (***REPLACED TIME***)
ok 71 - (***REPLACED TIME***)
ok 72 - (***REPLACED TIME***)
ok 73 - (***REPLACED TIME***)
ok 74 - (***REPLACED TIME***)
ok 75 - (***REPLACED TIME***)
ok 76 - (***REPLACED TIME***)
not ok 77 - (***REPLACED TIME***)
ok 78 - (***REPLACED TIME***)
ok 79 - (***REPLACED TIME***)
ok 80 - (***REPLACED TIME***)
ok 81 - (***REPLACED TIME***)
ok 82 - (***REPLACED TIME***)
ok 83 - (***REPLACED TIME***)
ok 84 - (***REPLACED TIME***)
ok 85 - (***REPLACED TIME***)
ok 86 - (***REPLACED TIME***)
ok 87 - (***REPLACED TIME***)
not ok 88 - (***REPLACED TIME***)
ok 89 - (***REPLACED TIME***)
ok 90 - (***REPLACED TIME***)
ok 91 - (***REPLACED TIME***)
ok 92 - (***REPLACED TIME***)
ok 93 - (***REPLACED TIME***)
ok 94 - (***REPLACED TIME***)
ok 95 - (***REPLACED TIME***)
ok 96 - (***REPLACED TIME***)
ok 97 - (***REPLACED TIME***)
ok 98 - (***REPLACED TIME***)
not ok 99 - (***REPLACED TIME***)
ok 100 - (***REPLACED TIME***)
