1..6
ok 1 # SKIP don't need this test
not ok 2 # SKIP don't need this test
ok 3 # TODO will this ever be done?
not ok 4 # TODO will this ever be done?
# :UNSUPPORED cmds do not work
# :FAKE cmds do not work
# : empty commands do not work
# SKIP is just a word
# TODO is just a word
# Bail out! is just a word
# word is just a word
# :UNSUPPORED cmds do not work
# :FAKE cmds do not work
# : empty commands do not work
# SKIP is just a word
# TODO is just a word
# Bail out! is just a word
# word is just a word
ok 5 # SKIP don't need this test
# :UNSUPPORED cmds do not work
# :FAKE cmds do not work
# : empty commands do not work
# SKIP is just a word
# TODO is just a word
# Bail out! is just a word
# word is just a word
# :UNSUPPORED cmds do not work
# :FAKE cmds do not work
# : empty commands do not work
# SKIP is just a word
# TODO is just a word
# Bail out! is just a word
# word is just a word
ok 6 # TODO will this ever be done?

1..3
ok 1
Bail out! Jump ship

1..3
ok 1
Bail out! Jump ship

1..3
ok 1
# :UNSUPPORED cmds do not work
# :FAKE cmds do not work
# : empty commands do not work
# SKIP is just a word
# TODO is just a word
# Bail out! is just a word
# word is just a word
# :UNSUPPORED cmds do not work
# :FAKE cmds do not work
# : empty commands do not work
# SKIP is just a word
# TODO is just a word
# Bail out! is just a word
# word is just a word
Bail out! Jump ship
